Nath@DESKTOP-S9622G3 MINGW64 ~/Desktop/RAG_CLIMATE_1.0
$ python -m venv rag_env

Nath@DESKTOP-S9622G3 MINGW64 ~/Desktop/RAG_CLIMATE_1.0
$ source rag_env/Scripts/activate
(rag_env) 
Nath@DESKTOP-S9622G3 MINGW64 ~/Desktop/RAG_CLIMATE_1.0
$ git clone git@github.com:Bennath-coder/rag_project_climate.git # SSH code
Cloning into 'rag_project_climate'...
remote: Enumerating objects: 4, done.
remote: Counting objects: 100% (4/4), done.
remote: Compressing objects: 100% (4/4), done.
remote: Total 4 (delta 0), reused 1 (delta 0), pack-reused 0 (from 0)
Receiving objects: 100% (4/4), done.
(rag_env) 
Nath@DESKTOP-S9622G3 MINGW64 ~/Desktop/RAG_CLIMATE_1.0
$ cd rag_project_climate
(rag_env) 
Nath@DESKTOP-S9622G3 MINGW64 ~/Desktop/RAG_CLIMATE_1.0/rag_project_climate (main)
$ git status
On branch main
Your branch is up to date with 'origin/main'.

nothing to commit, working tree clean        
(rag_env) 
Nath@DESKTOP-S9622G3 MINGW64 ~/Desktop/RAG_CLIMATE_1.0/rag_project_climate (main)
$ pip install cookiecutter-data-science
Collecting cookiecutter-data-science
  Using cached cookiecutter_data_science-2.1.0-py3-none-any.whl.metadata (7.0 kB)
Collecting click (from cookiecutter-data-science)
  Using cached click-8.1.8-py3-none-any.whl.metadata (2.3 kB)
Collecting cookiecutter (from cookiecutter-data-science)
  Using cached cookiecutter-2.6.0-py3-none-any.whl.metadata (7.3 kB)
Collecting colorama (from click->cookiecutter-data-science)
  Using cached colorama-0.4.6-py2.py3-none-any.whl.metadata (17 kB)
Collecting binaryornot>=0.4.4 (from cookiecutter->cookiecutter-data-science)
  Using cached binaryornot-0.4.4-py2.py3-none-any.whl.metadata (6.0 kB)
Collecting Jinja2<4.0.0,>=2.7 (from cookiecutter->cookiecutter-data-science)
  Using cached jinja2-3.1.6-py3-none-any.whl.metadata (2.9 kB)
Collecting pyyaml>=5.3.1 (from cookiecutter->cookiecutter-data-science)
  Using cached PyYAML-6.0.2-cp311-cp311-win_amd64.whl.metadata (2.1 kB)
Collecting python-slugify>=4.0.0 (from cookiecutter->cookiecutter-data-science)
  Using cached python_slugify-8.0.4-py2.py3-none-any.whl.metadata (8.5 kB)
Collecting requests>=2.23.0 (from cookiecutter->cookiecutter-data-science)
  Using cached requests-2.32.3-py3-none-any.whl.metadata (4.6 kB)
Collecting arrow (from cookiecutter->cookiecutter-data-science)
  Using cached arrow-1.3.0-py3-none-any.whl.metadata (7.5 kB)
Collecting rich (from cookiecutter->cookiecutter-data-science)
  Using cached rich-13.9.4-py3-none-any.whl.metadata (18 kB)
Collecting chardet>=3.0.2 (from binaryornot>=0.4.4->cookiecutter->cookiecutter-data-
  Using cached chardet-5.2.0-py3-none-any.whl.metadata (3.4 kB)
Collecting MarkupSafe>=2.0 (from Jinja2<4.0.0,>=2.7->cookiecutter->cookiecutter-data
  Using cached MarkupSafe-3.0.2-cp311-cp311-win_amd64.whl.metadata (4.1 kB)
Collecting text-unidecode>=1.3 (from python-slugify>=4.0.0->cookiecutter->cookiecutt
  Using cached text_unidecode-1.3-py2.py3-none-any.whl.metadata (2.4 kB)
Collecting charset-normalizer<4,>=2 (from requests>=2.23.0->cookiecutter->cookiecutt
  Using cached charset_normalizer-3.4.1-cp311-cp311-win_amd64.whl.metadata (36 kB)
Collecting idna<4,>=2.5 (from requests>=2.23.0->cookiecutter->cookiecutter-data-scie
  Using cached idna-3.10-py3-none-any.whl.metadata (10 kB)
Collecting urllib3<3,>=1.21.1 (from requests>=2.23.0->cookiecutter->cookiecutter-dat
  Using cached urllib3-2.3.0-py3-none-any.whl.metadata (6.5 kB)
Collecting certifi>=2017.4.17 (from requests>=2.23.0->cookiecutter->cookiecutter-dat
  Using cached certifi-2025.1.31-py3-none-any.whl.metadata (2.5 kB)
Collecting python-dateutil>=2.7.0 (from arrow->cookiecutter->cookiecutter-data-scien
  Using cached python_dateutil-2.9.0.post0-py2.py3-none-any.whl.metadata (8.4 kB)
Collecting types-python-dateutil>=2.8.10 (from arrow->cookiecutter->cookiecutter-dat
  Using cached types_python_dateutil-2.9.0.20241206-py3-none-any.whl.metadata (2.1 k
Collecting markdown-it-py>=2.2.0 (from rich->cookiecutter->cookiecutter-data-science
  Using cached markdown_it_py-3.0.0-py3-none-any.whl.metadata (6.9 kB)
Collecting pygments<3.0.0,>=2.13.0 (from rich->cookiecutter->cookiecutter-data-scien
  Using cached pygments-2.19.1-py3-none-any.whl.metadata (2.5 kB)
Collecting mdurl~=0.1 (from markdown-it-py>=2.2.0->rich->cookiecutter->cookiecutter-
  Using cached mdurl-0.1.2-py3-none-any.whl.metadata (1.6 kB)
Collecting six>=1.5 (from python-dateutil>=2.7.0->arrow->cookiecutter->cookiecutter-
  Using cached six-1.17.0-py2.py3-none-any.whl.metadata (1.7 kB)
Using cached cookiecutter_data_science-2.1.0-py3-none-any.whl (8.5 kB)
Using cached click-8.1.8-py3-none-any.whl (98 kB)
Using cached cookiecutter-2.6.0-py3-none-any.whl (39 kB)
Using cached binaryornot-0.4.4-py2.py3-none-any.whl (9.0 kB)
Using cached jinja2-3.1.6-py3-none-any.whl (134 kB)
Using cached python_slugify-8.0.4-py2.py3-none-any.whl (10 kB)
Using cached PyYAML-6.0.2-cp311-cp311-win_amd64.whl (161 kB)
Using cached requests-2.32.3-py3-none-any.whl (64 kB)
Using cached arrow-1.3.0-py3-none-any.whl (66 kB)
Using cached colorama-0.4.6-py2.py3-none-any.whl (25 kB)
Using cached rich-13.9.4-py3-none-any.whl (242 kB)
Using cached certifi-2025.1.31-py3-none-any.whl (166 kB)
Using cached chardet-5.2.0-py3-none-any.whl (199 kB)
Using cached charset_normalizer-3.4.1-cp311-cp311-win_amd64.whl (102 kB)
Using cached idna-3.10-py3-none-any.whl (70 kB)
Using cached markdown_it_py-3.0.0-py3-none-any.whl (87 kB)
Using cached MarkupSafe-3.0.2-cp311-cp311-win_amd64.whl (15 kB)
Using cached pygments-2.19.1-py3-none-any.whl (1.2 MB)
Using cached python_dateutil-2.9.0.post0-py2.py3-none-any.whl (229 kB)
Using cached text_unidecode-1.3-py2.py3-none-any.whl (78 kB)
Using cached types_python_dateutil-2.9.0.20241206-py3-none-any.whl (14 kB)
Using cached urllib3-2.3.0-py3-none-any.whl (128 kB)
Using cached mdurl-0.1.2-py3-none-any.whl (10.0 kB)
Using cached six-1.17.0-py2.py3-none-any.whl (11 kB)
Installing collected packages: text-unidecode, urllib3, types-python-dateutil, six, 
Successfully installed Jinja2-3.1.6 MarkupSafe-3.0.2 arrow-1.3.0 binaryornot-0.4.4 cgify-8.0.4 pyyaml-6.0.2 requests-2.32.3 rich-13.9.4 six-1.17.0 text-unidecode-1.3 ty

[notice] A new release of pip is available: 24.0 -> 25.0.1
[notice] To update, run: python.exe -m pip install --upgrade pip
(rag_env) 
Nath@DESKTOP-S9622G3 MINGW64 ~/Desktop/RAG_CLIMATE_1.0/rag_project_climate (main)
$ ccds
You've downloaded C:\Users\Nath\.cookiecutters\cookiecutter-data-science before. Is 
project_name (project_name): Rag Project Climate
repo_name (rag_project_climate): rag_project_climate_1.0
module_name (rag_project_climate): 
author_name (Your name (or your organization/company/team)): nathalie-pizon
description (A short description of the project.): Avoir à disposition un LLM capabl
python_version_number (3.10): 3.10
Select dataset_storage
    1 - none
    2 - azure
    3 - s3
    4 - gcs
    Choose from [1/2/3/4] (1): 1
Select environment_manager
    1 - virtualenv
    2 - conda
    3 - pipenv
    4 - uv
    5 - none
    Choose from [1/2/3/4/5] (1): 1
Select dependency_file
    1 - requirements.txt
    2 - environment.yml
    3 - Pipfile
    Choose from [1/2/3] (1): 1
Select pydata_packages
    1 - none
    2 - basic
    Choose from [1/2] (1): 2
Select linting_and_formatting
    1 - ruff
    2 - flake8+black+isort
    Choose from [1/2] (1): 1
Select open_source_license
    1 - No license file
    2 - MIT
    3 - BSD-3-Clause
    Choose from [1/2/3] (1): 1
Select docs
    1 - mkdocs
    2 - none
    Choose from [1/2] (1): 2
Select include_code_scaffold
    1 - Yes
    2 - No
    Choose from [1/2] (1): 2
(rag_env) 
Nath@DESKTOP-S9622G3 MINGW64 ~/Desktop/RAG_CLIMATE_1.0/rag_project_climate (main)
$ git branch
* main
(rag_env) 
Nath@DESKTOP-S9622G3 MINGW64 ~/Desktop/RAG_CLIMATE_1.0/rag_project_climate (main)
$ git switch -c np_branch
Switched to a new branch 'np_branch'
(rag_env) 
Nath@DESKTOP-S9622G3 MINGW64 ~/Desktop/RAG_CLIMATE_1.0/rag_project_climate (np_branc
$ git branch
  main
* np_branch
(rag_env) 
Nath@DESKTOP-S9622G3 MINGW64 ~/Desktop/RAG_CLIMATE_1.0/rag_project_climate (np_branc
$ git status
On branch np_branch
Changes not staged for commit:
  (use "git add <file>..." to update what will be committed)
  (use "git restore <file>..." to discard changes in working directory)
        modified:   .gitignore
        modified:   README.md

Untracked files:
  (use "git add <file>..." to include in what will be committed)
        Makefile
        docs/
        models/
        notebooks/
        pyproject.toml
        rag_project_climate/
        references/
        reports/
        requirements.txt

no changes added to commit (use "git add" and/or "git commit -a")
(rag_env) 
Nath@DESKTOP-S9622G3 MINGW64 ~/Desktop/RAG_CLIMATE_1.0/rag_project_climate (np_branc
$ git add .
(rag_env) 
Nath@DESKTOP-S9622G3 MINGW64 ~/Desktop/RAG_CLIMATE_1.0/rag_project_climate (np_branc
$ git status
On branch np_branch
Changes to be committed:
  (use "git restore --staged <file>..." to unstage)
        modified:   .gitignore
        new file:   Makefile
        modified:   README.md
        new file:   docs/.gitkeep
        new file:   models/.gitkeep
        new file:   notebooks/.gitkeep
        new file:   pyproject.toml
        new file:   rag_project_climate/__init__.py
        new file:   references/.gitkeep
        new file:   reports/.gitkeep
        new file:   reports/figures/.gitkeep
        new file:   requirements.txt

(rag_env) 
Nath@DESKTOP-S9622G3 MINGW64 ~/Desktop/RAG_CLIMATE_1.0/rag_project_climate (np_branc
$ git commit -m "add project_climate structure"
[np_branch a7e9a6e] add project_climate structure
 12 files changed, 198 insertions(+), 4 deletions(-)
 create mode 100644 Makefile
 create mode 100644 docs/.gitkeep
 create mode 100644 models/.gitkeep
 create mode 100644 notebooks/.gitkeep
 create mode 100644 pyproject.toml
 create mode 100644 rag_project_climate/__init__.py
 create mode 100644 references/.gitkeep
 create mode 100644 reports/.gitkeep
 create mode 100644 reports/figures/.gitkeep
 create mode 100644 requirements.txt
(rag_env)
Nath@DESKTOP-S9622G3 MINGW64 ~/Desktop/RAG_CLIMATE_1.0/rag_project_climate (np_branc
$ git push --set-upstream origin np_branch
Enumerating objects: 14, done.
Counting objects: 100% (14/14), done.
Delta compression using up to 8 threads
Compressing objects: 100% (8/8), done.
Writing objects: 100% (11/11), 3.36 KiB | 1.12 MiB/s, done.
Total 11 (delta 1), reused 0 (delta 0), pack-reused 0 (from 0)
remote: Resolving deltas: 100% (1/1), completed with 1 local object.
remote:
remote: Create a pull request for 'np_branch' on GitHub by visiting:
remote:      https://github.com/Bennath-coder/rag_project_climate/pull/new/np_branch
remote:
To github.com:Bennath-coder/rag_project_climate.git
 * [new branch]      np_branch -> np_branch
branch 'np_branch' set up to track 'origin/np_branch'.
(rag_env)
Nath@DESKTOP-S9622G3 MINGW64 ~/Desktop/RAG_CLIMATE_1.0/rag_project_climate (np_branc
$ pip install langchain-community
Collecting langchain-community
  Using cached langchain_community-0.3.19-py3-none-any.whl.metadata (2.4 kB)
Collecting langchain-core<1.0.0,>=0.3.41 (from langchain-community)
  Using cached langchain_core-0.3.43-py3-none-any.whl.metadata (5.9 kB)
Collecting langchain<1.0.0,>=0.3.20 (from langchain-community)
  Using cached langchain-0.3.20-py3-none-any.whl.metadata (7.7 kB)
Collecting SQLAlchemy<3,>=1.4 (from langchain-community)
  Using cached SQLAlchemy-2.0.38-cp311-cp311-win_amd64.whl.metadata (9.9 kB)
Requirement already satisfied: requests<3,>=2 in c:\users\nath\desktop\rag_climate_1chain-community) (2.32.3)
Requirement already satisfied: PyYAML>=5.3 in c:\users\nath\desktop\rag_climate_1.0\in-community) (6.0.2)
Collecting aiohttp<4.0.0,>=3.8.3 (from langchain-community)
  Using cached aiohttp-3.11.13-cp311-cp311-win_amd64.whl.metadata (8.0 kB)
Collecting tenacity!=8.4.0,<10,>=8.1.0 (from langchain-community)
  Using cached tenacity-9.0.0-py3-none-any.whl.metadata (1.2 kB)
Collecting dataclasses-json<0.7,>=0.5.7 (from langchain-community)
  Using cached dataclasses_json-0.6.7-py3-none-any.whl.metadata (25 kB)
Collecting pydantic-settings<3.0.0,>=2.4.0 (from langchain-community)
  Using cached pydantic_settings-2.8.1-py3-none-any.whl.metadata (3.5 kB)
Collecting langsmith<0.4,>=0.1.125 (from langchain-community)
  Using cached langsmith-0.3.13-py3-none-any.whl.metadata (14 kB)
Collecting httpx-sse<1.0.0,>=0.4.0 (from langchain-community)
  Using cached httpx_sse-0.4.0-py3-none-any.whl.metadata (9.0 kB)
Collecting numpy<3,>=1.26.2 (from langchain-community)
  Using cached numpy-2.2.3-cp311-cp311-win_amd64.whl.metadata (60 kB)
Collecting aiohappyeyeballs>=2.3.0 (from aiohttp<4.0.0,>=3.8.3->langchain-community)
  Using cached aiohappyeyeballs-2.5.0-py3-none-any.whl.metadata (5.9 kB)
Collecting aiosignal>=1.1.2 (from aiohttp<4.0.0,>=3.8.3->langchain-community)
  Using cached aiosignal-1.3.2-py2.py3-none-any.whl.metadata (3.8 kB)
Collecting attrs>=17.3.0 (from aiohttp<4.0.0,>=3.8.3->langchain-community)
  Using cached attrs-25.1.0-py3-none-any.whl.metadata (10 kB)
Collecting frozenlist>=1.1.1 (from aiohttp<4.0.0,>=3.8.3->langchain-community)
  Using cached frozenlist-1.5.0-cp311-cp311-win_amd64.whl.metadata (14 kB)
Collecting multidict<7.0,>=4.5 (from aiohttp<4.0.0,>=3.8.3->langchain-community)
  Using cached multidict-6.1.0-cp311-cp311-win_amd64.whl.metadata (5.1 kB)
Collecting propcache>=0.2.0 (from aiohttp<4.0.0,>=3.8.3->langchain-community)
  Using cached propcache-0.3.0-cp311-cp311-win_amd64.whl.metadata (10 kB)
Collecting yarl<2.0,>=1.17.0 (from aiohttp<4.0.0,>=3.8.3->langchain-community)
  Using cached yarl-1.18.3-cp311-cp311-win_amd64.whl.metadata (71 kB)
Collecting marshmallow<4.0.0,>=3.18.0 (from dataclasses-json<0.7,>=0.5.7->langchain-
  Using cached marshmallow-3.26.1-py3-none-any.whl.metadata (7.3 kB)
Collecting typing-inspect<1,>=0.4.0 (from dataclasses-json<0.7,>=0.5.7->langchain-co
  Using cached typing_inspect-0.9.0-py3-none-any.whl.metadata (1.5 kB)
Collecting langchain-text-splitters<1.0.0,>=0.3.6 (from langchain<1.0.0,>=0.3.20->la
  Using cached langchain_text_splitters-0.3.6-py3-none-any.whl.metadata (1.9 kB)
Collecting pydantic<3.0.0,>=2.7.4 (from langchain<1.0.0,>=0.3.20->langchain-communit
  Using cached pydantic-2.10.6-py3-none-any.whl.metadata (30 kB)
Collecting jsonpatch<2.0,>=1.33 (from langchain-core<1.0.0,>=0.3.41->langchain-commu
  Using cached jsonpatch-1.33-py2.py3-none-any.whl.metadata (3.0 kB)
Collecting packaging<25,>=23.2 (from langchain-core<1.0.0,>=0.3.41->langchain-commun
  Using cached packaging-24.2-py3-none-any.whl.metadata (3.2 kB)
Collecting typing-extensions>=4.7 (from langchain-core<1.0.0,>=0.3.41->langchain-com
  Using cached typing_extensions-4.12.2-py3-none-any.whl.metadata (3.0 kB)
Collecting httpx<1,>=0.23.0 (from langsmith<0.4,>=0.1.125->langchain-community)
  Using cached httpx-0.28.1-py3-none-any.whl.metadata (7.1 kB)
Collecting orjson<4.0.0,>=3.9.14 (from langsmith<0.4,>=0.1.125->langchain-community)
  Using cached orjson-3.10.15-cp311-cp311-win_amd64.whl.metadata (42 kB)
Collecting requests-toolbelt<2.0.0,>=1.0.0 (from langsmith<0.4,>=0.1.125->langchain-
  Using cached requests_toolbelt-1.0.0-py2.py3-none-any.whl.metadata (14 kB)
Collecting zstandard<0.24.0,>=0.23.0 (from langsmith<0.4,>=0.1.125->langchain-commun
  Using cached zstandard-0.23.0-cp311-cp311-win_amd64.whl.metadata (3.0 kB)
Collecting python-dotenv>=0.21.0 (from pydantic-settings<3.0.0,>=2.4.0->langchain-co
  Using cached python_dotenv-1.0.1-py3-none-any.whl.metadata (23 kB)
Requirement already satisfied: charset-normalizer<4,>=2 in c:\users\nath\desktop\rag
(from requests<3,>=2->langchain-community) (3.4.1)
Requirement already satisfied: idna<4,>=2.5 in c:\users\nath\desktop\rag_climate_1.0ts<3,>=2->langchain-community) (3.10)
Requirement already satisfied: urllib3<3,>=1.21.1 in c:\users\nath\desktop\rag_clima
requests<3,>=2->langchain-community) (2.3.0)
Requirement already satisfied: certifi>=2017.4.17 in c:\users\nath\desktop\rag_clima
requests<3,>=2->langchain-community) (2025.1.31)
Collecting greenlet!=0.4.17 (from SQLAlchemy<3,>=1.4->langchain-community)
  Using cached greenlet-3.1.1-cp311-cp311-win_amd64.whl.metadata (3.9 kB)
Collecting anyio (from httpx<1,>=0.23.0->langsmith<0.4,>=0.1.125->langchain-communit
  Using cached anyio-4.8.0-py3-none-any.whl.metadata (4.6 kB)
Collecting httpcore==1.* (from httpx<1,>=0.23.0->langsmith<0.4,>=0.1.125->langchain-
  Using cached httpcore-1.0.7-py3-none-any.whl.metadata (21 kB)
Collecting h11<0.15,>=0.13 (from httpcore==1.*->httpx<1,>=0.23.0->langsmith<0.4,>=0.
  Using cached h11-0.14.0-py3-none-any.whl.metadata (8.2 kB)
Collecting jsonpointer>=1.9 (from jsonpatch<2.0,>=1.33->langchain-core<1.0.0,>=0.3.4
  Using cached jsonpointer-3.0.0-py2.py3-none-any.whl.metadata (2.3 kB)
Collecting annotated-types>=0.6.0 (from pydantic<3.0.0,>=2.7.4->langchain<1.0.0,>=0.
  Using cached annotated_types-0.7.0-py3-none-any.whl.metadata (15 kB)
Collecting pydantic-core==2.27.2 (from pydantic<3.0.0,>=2.7.4->langchain<1.0.0,>=0.3
  Using cached pydantic_core-2.27.2-cp311-cp311-win_amd64.whl.metadata (6.7 kB)
Collecting mypy-extensions>=0.3.0 (from typing-inspect<1,>=0.4.0->dataclasses-json<0
  Using cached mypy_extensions-1.0.0-py3-none-any.whl.metadata (1.1 kB)
Collecting sniffio>=1.1 (from anyio->httpx<1,>=0.23.0->langsmith<0.4,>=0.1.125->lang
  Using cached sniffio-1.3.1-py3-none-any.whl.metadata (3.9 kB)
Using cached langchain_community-0.3.19-py3-none-any.whl (2.5 MB)
Using cached aiohttp-3.11.13-cp311-cp311-win_amd64.whl (442 kB)
Using cached dataclasses_json-0.6.7-py3-none-any.whl (28 kB)
Using cached httpx_sse-0.4.0-py3-none-any.whl (7.8 kB)
Using cached langchain-0.3.20-py3-none-any.whl (1.0 MB)
Using cached langchain_core-0.3.43-py3-none-any.whl (415 kB)
Using cached langsmith-0.3.13-py3-none-any.whl (339 kB)
Using cached numpy-2.2.3-cp311-cp311-win_amd64.whl (12.9 MB)
Using cached pydantic_settings-2.8.1-py3-none-any.whl (30 kB)
Using cached SQLAlchemy-2.0.38-cp311-cp311-win_amd64.whl (2.1 MB)
Using cached tenacity-9.0.0-py3-none-any.whl (28 kB)
Using cached aiohappyeyeballs-2.5.0-py3-none-any.whl (15 kB)
Using cached aiosignal-1.3.2-py2.py3-none-any.whl (7.6 kB)
Using cached attrs-25.1.0-py3-none-any.whl (63 kB)
Using cached frozenlist-1.5.0-cp311-cp311-win_amd64.whl (51 kB)
Using cached greenlet-3.1.1-cp311-cp311-win_amd64.whl (298 kB)
Using cached httpx-0.28.1-py3-none-any.whl (73 kB)
Using cached httpcore-1.0.7-py3-none-any.whl (78 kB)
Using cached jsonpatch-1.33-py2.py3-none-any.whl (12 kB)
Using cached langchain_text_splitters-0.3.6-py3-none-any.whl (31 kB)
Using cached marshmallow-3.26.1-py3-none-any.whl (50 kB)
Using cached multidict-6.1.0-cp311-cp311-win_amd64.whl (28 kB)
Using cached orjson-3.10.15-cp311-cp311-win_amd64.whl (133 kB)
Using cached packaging-24.2-py3-none-any.whl (65 kB)
Using cached propcache-0.3.0-cp311-cp311-win_amd64.whl (44 kB)
Using cached pydantic-2.10.6-py3-none-any.whl (431 kB)
Using cached pydantic_core-2.27.2-cp311-cp311-win_amd64.whl (2.0 MB)
Using cached python_dotenv-1.0.1-py3-none-any.whl (19 kB)
Using cached requests_toolbelt-1.0.0-py2.py3-none-any.whl (54 kB)
Using cached typing_extensions-4.12.2-py3-none-any.whl (37 kB)
Using cached typing_inspect-0.9.0-py3-none-any.whl (8.8 kB)
Using cached yarl-1.18.3-cp311-cp311-win_amd64.whl (91 kB)
Using cached zstandard-0.23.0-cp311-cp311-win_amd64.whl (495 kB)
Using cached annotated_types-0.7.0-py3-none-any.whl (13 kB)
Using cached jsonpointer-3.0.0-py2.py3-none-any.whl (7.6 kB)
Using cached mypy_extensions-1.0.0-py3-none-any.whl (4.7 kB)
Using cached anyio-4.8.0-py3-none-any.whl (96 kB)
Using cached h11-0.14.0-py3-none-any.whl (58 kB)
Using cached sniffio-1.3.1-py3-none-any.whl (10 kB)
Installing collected packages: zstandard, typing-extensions, tenacity, sniffio, pyth, numpy, mypy-extensions, multidict, jsonpointer, httpx-sse, h11, greenlet, frozenliballs, yarl, typing-inspect, SQLAlchemy, requests-toolbelt, pydantic-core, marshmallal, pydantic, httpx, dataclasses-json, aiohttp, pydantic-settings, langsmith, langchgchain, langchain-community
Successfully installed SQLAlchemy-2.0.38 aiohappyeyeballs-2.5.0 aiohttp-3.11.13 aios-4.8.0 attrs-25.1.0 dataclasses-json-0.6.7 frozenlist-1.5.0 greenlet-3.1.1 h11-0.14.-0.4.0 jsonpatch-1.33 jsonpointer-3.0.0 langchain-0.3.20 langchain-community-0.3.19 litters-0.3.6 langsmith-0.3.13 marshmallow-3.26.1 multidict-6.1.0 mypy-extensions-1.g-24.2 propcache-0.3.0 pydantic-2.10.6 pydantic-core-2.27.2 pydantic-settings-2.8.1 .0.0 sniffio-1.3.1 tenacity-9.0.0 typing-extensions-4.12.2 typing-inspect-0.9.0 yarl

[notice] A new release of pip is available: 24.0 -> 25.0.1
[notice] To update, run: python.exe -m pip install --upgrade pip
(rag_env) 
Nath@DESKTOP-S9622G3 MINGW64 ~/Desktop/RAG_CLIMATE_1.0/rag_project_climate (np_branc
$ pip install sentence-transformers
Collecting sentence-transformers
  Using cached sentence_transformers-3.4.1-py3-none-any.whl.metadata (10 kB)
Collecting transformers<5.0.0,>=4.41.0 (from sentence-transformers)
  Using cached transformers-4.49.0-py3-none-any.whl.metadata (44 kB)
Collecting tqdm (from sentence-transformers)
  Using cached tqdm-4.67.1-py3-none-any.whl.metadata (57 kB)
Collecting torch>=1.11.0 (from sentence-transformers)
  Using cached torch-2.6.0-cp311-cp311-win_amd64.whl.metadata (28 kB)
Collecting scikit-learn (from sentence-transformers)
  Using cached scikit_learn-1.6.1-cp311-cp311-win_amd64.whl.metadata (15 kB)
Collecting scipy (from sentence-transformers)
  Using cached scipy-1.15.2-cp311-cp311-win_amd64.whl.metadata (60 kB)
Collecting huggingface-hub>=0.20.0 (from sentence-transformers)
  Downloading huggingface_hub-0.29.3-py3-none-any.whl.metadata (13 kB)
Collecting Pillow (from sentence-transformers)
  Using cached pillow-11.1.0-cp311-cp311-win_amd64.whl.metadata (9.3 kB)
Collecting filelock (from huggingface-hub>=0.20.0->sentence-transformers)
  Using cached filelock-3.17.0-py3-none-any.whl.metadata (2.9 kB)
Collecting fsspec>=2023.5.0 (from huggingface-hub>=0.20.0->sentence-transformers)
  Using cached fsspec-2025.3.0-py3-none-any.whl.metadata (11 kB)
Requirement already satisfied: packaging>=20.9 in c:\users\nath\desktop\rag_climate_gingface-hub>=0.20.0->sentence-transformers) (24.2)
Requirement already satisfied: pyyaml>=5.1 in c:\users\nath\desktop\rag_climate_1.0\face-hub>=0.20.0->sentence-transformers) (6.0.2)
Requirement already satisfied: requests in c:\users\nath\desktop\rag_climate_1.0\rage-hub>=0.20.0->sentence-transformers) (2.32.3)
Requirement already satisfied: typing-extensions>=3.7.4.3 in c:\users\nath\desktop\rs (from huggingface-hub>=0.20.0->sentence-transformers) (4.12.2)
Collecting networkx (from torch>=1.11.0->sentence-transformers)
  Using cached networkx-3.4.2-py3-none-any.whl.metadata (6.3 kB)
Requirement already satisfied: jinja2 in c:\users\nath\desktop\rag_climate_1.0\rag_e0->sentence-transformers) (3.1.6)
Collecting sympy==1.13.1 (from torch>=1.11.0->sentence-transformers)
  Using cached sympy-1.13.1-py3-none-any.whl.metadata (12 kB)
Collecting mpmath<1.4,>=1.1.0 (from sympy==1.13.1->torch>=1.11.0->sentence-transform
  Using cached mpmath-1.3.0-py3-none-any.whl.metadata (8.6 kB)
Requirement already satisfied: colorama in c:\users\nath\desktop\rag_climate_1.0\ragence-transformers) (0.4.6)
Requirement already satisfied: numpy>=1.17 in c:\users\nath\desktop\rag_climate_1.0\rmers<5.0.0,>=4.41.0->sentence-transformers) (2.2.3)
Collecting regex!=2019.12.17 (from transformers<5.0.0,>=4.41.0->sentence-transformer
  Using cached regex-2024.11.6-cp311-cp311-win_amd64.whl.metadata (41 kB)
Collecting tokenizers<0.22,>=0.21 (from transformers<5.0.0,>=4.41.0->sentence-transf
  Using cached tokenizers-0.21.0-cp39-abi3-win_amd64.whl.metadata (6.9 kB)
Collecting safetensors>=0.4.1 (from transformers<5.0.0,>=4.41.0->sentence-transforme
  Using cached safetensors-0.5.3-cp38-abi3-win_amd64.whl.metadata (3.9 kB)
Collecting joblib>=1.2.0 (from scikit-learn->sentence-transformers)
  Using cached joblib-1.4.2-py3-none-any.whl.metadata (5.4 kB)
Collecting threadpoolctl>=3.1.0 (from scikit-learn->sentence-transformers)
  Using cached threadpoolctl-3.5.0-py3-none-any.whl.metadata (13 kB)
Requirement already satisfied: MarkupSafe>=2.0 in c:\users\nath\desktop\rag_climate_ja2->torch>=1.11.0->sentence-transformers) (3.0.2)
Requirement already satisfied: charset-normalizer<4,>=2 in c:\users\nath\desktop\rag
(from requests->huggingface-hub>=0.20.0->sentence-transformers) (3.4.1)
Requirement already satisfied: idna<4,>=2.5 in c:\users\nath\desktop\rag_climate_1.0ts->huggingface-hub>=0.20.0->sentence-transformers) (3.10)
Requirement already satisfied: urllib3<3,>=1.21.1 in c:\users\nath\desktop\rag_clima
requests->huggingface-hub>=0.20.0->sentence-transformers) (2.3.0)
Requirement already satisfied: certifi>=2017.4.17 in c:\users\nath\desktop\rag_clima
requests->huggingface-hub>=0.20.0->sentence-transformers) (2025.1.31)
Using cached sentence_transformers-3.4.1-py3-none-any.whl (275 kB)
Downloading huggingface_hub-0.29.3-py3-none-any.whl (468 kB)
   ━━━━━━━━━━━━━━━━━━━━━━━━━━━━━━━━━━━━━━━━ 469.0/469.0 kB 4.9 MB/s eta 0:00:00
Using cached torch-2.6.0-cp311-cp311-win_amd64.whl (204.2 MB)
Using cached sympy-1.13.1-py3-none-any.whl (6.2 MB)
Using cached tqdm-4.67.1-py3-none-any.whl (78 kB)
Using cached transformers-4.49.0-py3-none-any.whl (10.0 MB)
Using cached pillow-11.1.0-cp311-cp311-win_amd64.whl (2.6 MB)
Using cached scikit_learn-1.6.1-cp311-cp311-win_amd64.whl (11.1 MB)
Using cached scipy-1.15.2-cp311-cp311-win_amd64.whl (41.2 MB)
Using cached fsspec-2025.3.0-py3-none-any.whl (193 kB)
Using cached joblib-1.4.2-py3-none-any.whl (301 kB)
Using cached regex-2024.11.6-cp311-cp311-win_amd64.whl (274 kB)
Using cached safetensors-0.5.3-cp38-abi3-win_amd64.whl (308 kB)
Using cached threadpoolctl-3.5.0-py3-none-any.whl (18 kB)
Using cached tokenizers-0.21.0-cp39-abi3-win_amd64.whl (2.4 MB)
Using cached filelock-3.17.0-py3-none-any.whl (16 kB)
Using cached networkx-3.4.2-py3-none-any.whl (1.7 MB)
Using cached mpmath-1.3.0-py3-none-any.whl (536 kB)
Installing collected packages: mpmath, tqdm, threadpoolctl, sympy, scipy, safetensorpec, filelock, torch, scikit-learn, huggingface-hub, tokenizers, transformers, sente
Successfully installed Pillow-11.1.0 filelock-3.17.0 fsspec-2025.3.0 huggingface-hubrkx-3.4.2 regex-2024.11.6 safetensors-0.5.3 scikit-learn-1.6.1 scipy-1.15.2 sentencepoolctl-3.5.0 tokenizers-0.21.0 torch-2.6.0 tqdm-4.67.1 transformers-4.49.0

[notice] A new release of pip is available: 24.0 -> 25.0.1
[notice] To update, run: python.exe -m pip install --upgrade pip
(rag_env) 
Nath@DESKTOP-S9622G3 MINGW64 ~/Desktop/RAG_CLIMATE_1.0/rag_project_climate (np_branc
$ pip install datasets
Collecting datasets
  Using cached datasets-3.3.2-py3-none-any.whl.metadata (19 kB)
Requirement already satisfied: filelock in c:\users\nath\desktop\rag_climate_1.0\rag
(3.17.0)
Requirement already satisfied: numpy>=1.17 in c:\users\nath\desktop\rag_climate_1.0\s) (2.2.3)
Collecting pyarrow>=15.0.0 (from datasets)
  Using cached pyarrow-19.0.1-cp311-cp311-win_amd64.whl.metadata (3.4 kB)
Collecting dill<0.3.9,>=0.3.0 (from datasets)
  Using cached dill-0.3.8-py3-none-any.whl.metadata (10 kB)
Collecting pandas (from datasets)
  Using cached pandas-2.2.3-cp311-cp311-win_amd64.whl.metadata (19 kB)
Requirement already satisfied: requests>=2.32.2 in c:\users\nath\desktop\rag_climatetasets) (2.32.3)
Requirement already satisfied: tqdm>=4.66.3 in c:\users\nath\desktop\rag_climate_1.0ts) (4.67.1)
Collecting xxhash (from datasets)
  Using cached xxhash-3.5.0-cp311-cp311-win_amd64.whl.metadata (13 kB)
Collecting multiprocess<0.70.17 (from datasets)
  Using cached multiprocess-0.70.16-py311-none-any.whl.metadata (7.2 kB)
Collecting fsspec<=2024.12.0,>=2023.1.0 (from fsspec[http]<=2024.12.0,>=2023.1.0->da
  Using cached fsspec-2024.12.0-py3-none-any.whl.metadata (11 kB)
Requirement already satisfied: aiohttp in c:\users\nath\desktop\rag_climate_1.0\rag_3.11.13)
Requirement already satisfied: huggingface-hub>=0.24.0 in c:\users\nath\desktop\rag_from datasets) (0.29.3)
Requirement already satisfied: packaging in c:\users\nath\desktop\rag_climate_1.0\ra (24.2)
Requirement already satisfied: pyyaml>=5.1 in c:\users\nath\desktop\rag_climate_1.0\s) (6.0.2)
Requirement already satisfied: aiohappyeyeballs>=2.3.0 in c:\users\nath\desktop\rag_from aiohttp->datasets) (2.5.0)
Requirement already satisfied: aiosignal>=1.1.2 in c:\users\nath\desktop\rag_climateohttp->datasets) (1.3.2)
Requirement already satisfied: attrs>=17.3.0 in c:\users\nath\desktop\rag_climate_1.tp->datasets) (25.1.0)
Requirement already satisfied: frozenlist>=1.1.1 in c:\users\nath\desktop\rag_climatiohttp->datasets) (1.5.0)
Requirement already satisfied: multidict<7.0,>=4.5 in c:\users\nath\desktop\rag_clim aiohttp->datasets) (6.1.0)
Requirement already satisfied: propcache>=0.2.0 in c:\users\nath\desktop\rag_climateohttp->datasets) (0.3.0)
Requirement already satisfied: yarl<2.0,>=1.17.0 in c:\users\nath\desktop\rag_climatiohttp->datasets) (1.18.3)
Requirement already satisfied: typing-extensions>=3.7.4.3 in c:\users\nath\desktop\rs (from huggingface-hub>=0.24.0->datasets) (4.12.2)
Requirement already satisfied: charset-normalizer<4,>=2 in c:\users\nath\desktop\rag
(from requests>=2.32.2->datasets) (3.4.1)
Requirement already satisfied: idna<4,>=2.5 in c:\users\nath\desktop\rag_climate_1.0ts>=2.32.2->datasets) (3.10)
Requirement already satisfied: urllib3<3,>=1.21.1 in c:\users\nath\desktop\rag_clima
requests>=2.32.2->datasets) (2.3.0)
Requirement already satisfied: certifi>=2017.4.17 in c:\users\nath\desktop\rag_clima
requests>=2.32.2->datasets) (2025.1.31)
Requirement already satisfied: colorama in c:\users\nath\desktop\rag_climate_1.0\rag.3->datasets) (0.4.6)
Requirement already satisfied: python-dateutil>=2.8.2 in c:\users\nath\desktop\rag_crom pandas->datasets) (2.9.0.post0)
Collecting pytz>=2020.1 (from pandas->datasets)
  Using cached pytz-2025.1-py2.py3-none-any.whl.metadata (22 kB)
Collecting tzdata>=2022.7 (from pandas->datasets)
  Using cached tzdata-2025.1-py2.py3-none-any.whl.metadata (1.4 kB)
Requirement already satisfied: six>=1.5 in c:\users\nath\desktop\rag_climate_1.0\rageutil>=2.8.2->pandas->datasets) (1.17.0)
Using cached datasets-3.3.2-py3-none-any.whl (485 kB)
Using cached dill-0.3.8-py3-none-any.whl (116 kB)
Using cached fsspec-2024.12.0-py3-none-any.whl (183 kB)
Using cached multiprocess-0.70.16-py311-none-any.whl (143 kB)
Using cached pyarrow-19.0.1-cp311-cp311-win_amd64.whl (25.3 MB)
Using cached pandas-2.2.3-cp311-cp311-win_amd64.whl (11.6 MB)
Using cached xxhash-3.5.0-cp311-cp311-win_amd64.whl (30 kB)
Using cached pytz-2025.1-py2.py3-none-any.whl (507 kB)
Using cached tzdata-2025.1-py2.py3-none-any.whl (346 kB)
Installing collected packages: pytz, xxhash, tzdata, pyarrow, fsspec, dill, pandas, 
  Attempting uninstall: fsspec
    Found existing installation: fsspec 2025.3.0
    Uninstalling fsspec-2025.3.0:
      Successfully uninstalled fsspec-2025.3.0
Successfully installed datasets-3.3.2 dill-0.3.8 fsspec-2024.12.0 multiprocess-0.70.5.1 tzdata-2025.1 xxhash-3.5.0

[notice] A new release of pip is available: 24.0 -> 25.0.1
[notice] To update, run: python.exe -m pip install --upgrade pip
(rag_env) 
Nath@DESKTOP-S9622G3 MINGW64 ~/Desktop/RAG_CLIMATE_1.0/rag_project_climate (np_branc
$ git status
On branch np_branch
Your branch is up to date with 'origin/np_branch'.

Untracked files:
  (use "git add <file>..." to include in what will be committed)
        notebooks/1.0-np-RagClimate.ipynb

nothing added to commit but untracked files present (use "git add" to track)
(rag_env) 
Nath@DESKTOP-S9622G3 MINGW64 ~/Desktop/RAG_CLIMATE_1.0/rag_project_climate (np_branc
$ git add .
(rag_env) 
Nath@DESKTOP-S9622G3 MINGW64 ~/Desktop/RAG_CLIMATE_1.0/rag_project_climate (np_branc
$ git commit -m "add 1.0-climate notebook"
Nath@DESKTOP-S9622G3 MINGW64 ~/Desktop/RAG_CLIMATE_1.0/rag_project_climate (np_branch)h)
$ git push
Enumerating objects: 5, done.
Counting objects: 100% (5/5), done.
Delta compression using up to 8 threads
Compressing objects: 100% (3/3), done.
Writing objects: 100% (3/3), 338 bytes | 338.00 KiB/s, done.
Total 3 (delta 1), reused 0 (delta 0), pack-reused 0 (from 0)
remote: Resolving deltas: 100% (1/1), completed with 1 local object.
To github.com:Bennath-coder/rag_project_climate.git
   a7e9a6e..4aad9e4  np_branch -> np_branch
(rag_env)                                                                           h)
Nath@DESKTOP-S9622G3 MINGW64 ~/Desktop/RAG_CLIMATE_1.0/rag_project_climate (np_branch)                                                                                  0\rag_env\lib\site-packages (1.0.1)
$ pip install python-dotenv
Requirement already satisfied: python-dotenv in c:\users\nath\desktop\rag_climate_1.0\rag_env\lib\site-packages (1.0.1)

[notice] A new release of pip is available: 24.0 -> 25.0.1                          h)
[notice] To update, run: python.exe -m pip install --upgrade pip
(rag_env)
Nath@DESKTOP-S9622G3 MINGW64 ~/Desktop/RAG_CLIMATE_1.0/rag_project_climate (np_branch)
$ git status
On branch np_branch
Your branch is up to date with 'origin/np_branch'.

Changes not staged for commit:
  (use "git add <file>..." to update what will be committed)
  (use "git restore <file>..." to discard changes in working directory)
        modified:   notebooks/1.0-np-RagClimate.ipynb

no changes added to commit (use "git add" and/or "git commit -a")
(rag_env) 
Nath@DESKTOP-S9622G3 MINGW64 ~/Desktop/RAG_CLIMATE_1.0/rag_project_climate (np_branch)
$ git add .
warning: in the working copy of 'notebooks/1.0-np-RagClimate.ipynb', LF will be replaced by CRLF the next time Git touches it
(rag_env) 
Nath@DESKTOP-S9622G3 MINGW64 ~/Desktop/RAG_CLIMATE_1.0/rag_project_climate (np_branch)
$ git commit -m "add climate llm"
[np_branch dcada6e] add climate llm
 1 file changed, 210 insertions(+)
(rag_env) 
Nath@DESKTOP-S9622G3 MINGW64 ~/Desktop/RAG_CLIMATE_1.0/rag_project_climate (np_branch)
$ git push
Enumerating objects: 7, done.
Counting objects: 100% (7/7), done.
Delta compression using up to 8 threads
Compressing objects: 100% (4/4), done.
Writing objects: 100% (4/4), 3.08 KiB | 1.03 MiB/s, done.
Total 4 (delta 1), reused 0 (delta 0), pack-reused 0 (from 0)
remote: Resolving deltas: 100% (1/1), completed with 1 local object.
To github.com:Bennath-coder/rag_project_climate.git
   4aad9e4..dcada6e  np_branch -> np_branch
(rag_env) 
Nath@DESKTOP-S9622G3 MINGW64 ~/Desktop/RAG_CLIMATE_1.0/rag_project_climate (np_branch)
$ git branch
  main
* np_branch
(rag_env) 
Nath@DESKTOP-S9622G3 MINGW64 ~/Desktop/RAG_CLIMATE_1.0/rag_project_climate (np_branch)
$ pip freeze > requirements.txt
(rag_env) 
Nath@DESKTOP-S9622G3 MINGW64 ~/Desktop/RAG_CLIMATE_1.0/rag_project_climate (np_branch)
$ git status
On branch np_branch
Your branch is up to date with 'origin/np_branch'.

Changes not staged for commit:
  (use "git add <file>..." to update what will be committed)
  (use "git restore <file>..." to discard changes in working directory)
        modified:   requirements.txt

no changes added to commit (use "git add" and/or "git commit -a")
(rag_env) 
Nath@DESKTOP-S9622G3 MINGW64 ~/Desktop/RAG_CLIMATE_1.0/rag_project_climate (np_branch)
$ git add .
(rag_env) 
Nath@DESKTOP-S9622G3 MINGW64 ~/Desktop/RAG_CLIMATE_1.0/rag_project_climate (np_branch)
$ git commit -m "update requirements"
[np_branch d4d0ea6] update requirements
 1 file changed, 113 insertions(+), 11 deletions(-)
(rag_env) 
Nath@DESKTOP-S9622G3 MINGW64 ~/Desktop/RAG_CLIMATE_1.0/rag_project_climate (np_branch)
$ pip install gradio
Collecting gradio
  Using cached gradio-5.20.1-py3-none-any.whl.metadata (16 kB)
Collecting aiofiles<24.0,>=22.0 (from gradio)
  Using cached aiofiles-23.2.1-py3-none-any.whl.metadata (9.7 kB)
Requirement already satisfied: anyio<5.0,>=3.0 in c:\users\nath\desktop\rag_climate_1.0\rag_env\lib\site-packages (from gradio) (4.8.0)
Collecting fastapi<1.0,>=0.115.2 (from gradio)
  Using cached fastapi-0.115.11-py3-none-any.whl.metadata (27 kB)
Collecting ffmpy (from gradio)
  Using cached ffmpy-0.5.0-py3-none-any.whl.metadata (3.0 kB)
Collecting gradio-client==1.7.2 (from gradio)
  Using cached gradio_client-1.7.2-py3-none-any.whl.metadata (7.1 kB)
Collecting groovy~=0.1 (from gradio)
  Using cached groovy-0.1.2-py3-none-any.whl.metadata (6.1 kB)
Requirement already satisfied: httpx>=0.24.1 in c:\users\nath\desktop\rag_climate_1.0\rag_env\lib\site-packages (from gradio) (0.28.1)
Requirement already satisfied: huggingface-hub>=0.28.1 in c:\users\nath\desktop\rag_climate_1.0\rag_env\lib\site-packages (from gradio) (0.29.3)
Requirement already satisfied: jinja2<4.0 in c:\users\nath\desktop\rag_climate_1.0\rag_env\lib\site-packages (from gradio) (3.1.6)
Collecting markupsafe~=2.0 (from gradio)
  Using cached MarkupSafe-2.1.5-cp311-cp311-win_amd64.whl.metadata (3.1 kB)
Requirement already satisfied: numpy<3.0,>=1.0 in c:\users\nath\desktop\rag_climate_1.0\rag_env\lib\site-packages (from gradio) (2.2.3)
Requirement already satisfied: orjson~=3.0 in c:\users\nath\desktop\rag_climate_1.0\rag_env\lib\site-packages (from gradio) (3.10.15)
Requirement already satisfied: packaging in c:\users\nath\desktop\rag_climate_1.0\rag_env\lib\site-packages (from gradio) (24.2)
Requirement already satisfied: pandas<3.0,>=1.0 in c:\users\nath\desktop\rag_climate_1.0\rag_env\lib\site-packages (from gradio) (2.2.3)
Requirement already satisfied: pillow<12.0,>=8.0 in c:\users\nath\desktop\rag_climate_1.0\rag_env\lib\site-packages (from gradio) (11.1.0)
Requirement already satisfied: pydantic>=2.0 in c:\users\nath\desktop\rag_climate_1.0\rag_env\lib\site-packages (from gradio) (2.10.6)
Collecting pydub (from gradio)
  Using cached pydub-0.25.1-py2.py3-none-any.whl.metadata (1.4 kB)
Collecting python-multipart>=0.0.18 (from gradio)
  Using cached python_multipart-0.0.20-py3-none-any.whl.metadata (1.8 kB)
Requirement already satisfied: pyyaml<7.0,>=5.0 in c:\users\nath\desktop\rag_climate_1.0\rag_env\lib\site-packages (from gradio) (6.0.2)
Collecting ruff>=0.9.3 (from gradio)
  Using cached ruff-0.9.10-py3-none-win_amd64.whl.metadata (26 kB)
Collecting safehttpx<0.2.0,>=0.1.6 (from gradio)
  Using cached safehttpx-0.1.6-py3-none-any.whl.metadata (4.2 kB)
Collecting semantic-version~=2.0 (from gradio)
  Using cached semantic_version-2.10.0-py2.py3-none-any.whl.metadata (9.7 kB)
Collecting starlette<1.0,>=0.40.0 (from gradio)
  Using cached starlette-0.46.1-py3-none-any.whl.metadata (6.2 kB)
Collecting tomlkit<0.14.0,>=0.12.0 (from gradio)
  Using cached tomlkit-0.13.2-py3-none-any.whl.metadata (2.7 kB)
Collecting typer<1.0,>=0.12 (from gradio)
  Using cached typer-0.15.2-py3-none-any.whl.metadata (15 kB)
Requirement already satisfied: typing-extensions~=4.0 in c:\users\nath\desktop\rag_climate_1.0\rag_env\lib\site-packages (from gradio) (4.12.2)
Collecting uvicorn>=0.14.0 (from gradio)
  Using cached uvicorn-0.34.0-py3-none-any.whl.metadata (6.5 kB)
Requirement already satisfied: fsspec in c:\users\nath\desktop\rag_climate_1.0\rag_env\lib\site-packages (from gradio-client==1.7.2->gradio) (2024.12.0)
Collecting websockets<16.0,>=10.0 (from gradio-client==1.7.2->gradio)
  Using cached websockets-15.0.1-cp311-cp311-win_amd64.whl.metadata (7.0 kB)
Requirement already satisfied: idna>=2.8 in c:\users\nath\desktop\rag_climate_1.0\rag_env\lib\site-packages (from anyio<5.0,>=3.0->gradio) (3.10)
Requirement already satisfied: sniffio>=1.1 in c:\users\nath\desktop\rag_climate_1.0\rag_env\lib\site-packages (from anyio<5.0,>=3.0->gradio) (1.3.1)
Requirement already satisfied: certifi in c:\users\nath\desktop\rag_climate_1.0\rag_env\lib\site-packages (from httpx>=0.24.1->gradio) (2025.1.31)
Requirement already satisfied: httpcore==1.* in c:\users\nath\desktop\rag_climate_1.0\rag_env\lib\site-packages (from httpx>=0.24.1->gradio) (1.0.7)
Requirement already satisfied: h11<0.15,>=0.13 in c:\users\nath\desktop\rag_climate_1.0\rag_env\lib\site-packages (from httpcore==1.*->httpx>=0.24.1->gradio) (0.14.0)  
Requirement already satisfied: filelock in c:\users\nath\desktop\rag_climate_1.0\rag_env\lib\site-packages (from huggingface-hub>=0.28.1->gradio) (3.17.0)
Requirement already satisfied: requests in c:\users\nath\desktop\rag_climate_1.0\rag_env\lib\site-packages (from huggingface-hub>=0.28.1->gradio) (2.32.3)
Requirement already satisfied: tqdm>=4.42.1 in c:\users\nath\desktop\rag_climate_1.0\rag_env\lib\site-packages (from huggingface-hub>=0.28.1->gradio) (4.67.1)
Requirement already satisfied: python-dateutil>=2.8.2 in c:\users\nath\desktop\rag_climate_1.0\rag_env\lib\site-packages (from pandas<3.0,>=1.0->gradio) (2.9.0.post0)  
Requirement already satisfied: pytz>=2020.1 in c:\users\nath\desktop\rag_climate_1.0\rag_env\lib\site-packages (from pandas<3.0,>=1.0->gradio) (2025.1)
Requirement already satisfied: tzdata>=2022.7 in c:\users\nath\desktop\rag_climate_1.0\rag_env\lib\site-packages (from pandas<3.0,>=1.0->gradio) (2025.1)
Requirement already satisfied: annotated-types>=0.6.0 in c:\users\nath\desktop\rag_climate_1.0\rag_env\lib\site-packages (from pydantic>=2.0->gradio) (0.7.0)
Requirement already satisfied: pydantic-core==2.27.2 in c:\users\nath\desktop\rag_climate_1.0\rag_env\lib\site-packages (from pydantic>=2.0->gradio) (2.27.2)
Requirement already satisfied: click>=8.0.0 in c:\users\nath\desktop\rag_climate_1.0\rag_env\lib\site-packages (from typer<1.0,>=0.12->gradio) (8.1.8)
Collecting shellingham>=1.3.0 (from typer<1.0,>=0.12->gradio)
  Using cached shellingham-1.5.4-py2.py3-none-any.whl.metadata (3.5 kB)
Requirement already satisfied: rich>=10.11.0 in c:\users\nath\desktop\rag_climate_1.0\rag_env\lib\site-packages (from typer<1.0,>=0.12->gradio) (13.9.4)
Requirement already satisfied: colorama in c:\users\nath\desktop\rag_climate_1.0\rag_env\lib\site-packages (from click>=8.0.0->typer<1.0,>=0.12->gradio) (0.4.6)        
Requirement already satisfied: six>=1.5 in c:\users\nath\desktop\rag_climate_1.0\rag_env\lib\site-packages (from python-dateutil>=2.8.2->pandas<3.0,>=1.0->gradio) (1.17.0)
Requirement already satisfied: markdown-it-py>=2.2.0 in c:\users\nath\desktop\rag_climate_1.0\rag_env\lib\site-packages (from rich>=10.11.0->typer<1.0,>=0.12->gradio) (3.0.0)
Requirement already satisfied: pygments<3.0.0,>=2.13.0 in c:\users\nath\desktop\rag_climate_1.0\rag_env\lib\site-packages (from rich>=10.11.0->typer<1.0,>=0.12->gradio) (2.19.1)
Requirement already satisfied: charset-normalizer<4,>=2 in c:\users\nath\desktop\rag_climate_1.0\rag_env\lib\site-packages (from requests->huggingface-hub>=0.28.1->gradio) (3.4.1)
Requirement already satisfied: urllib3<3,>=1.21.1 in c:\users\nath\desktop\rag_climate_1.0\rag_env\lib\site-packages (from requests->huggingface-hub>=0.28.1->gradio) (2.3.0)
Requirement already satisfied: mdurl~=0.1 in c:\users\nath\desktop\rag_climate_1.0\rag_env\lib\site-packages (from markdown-it-py>=2.2.0->rich>=10.11.0->typer<1.0,>=0.12->gradio) (0.1.2)
Using cached gradio-5.20.1-py3-none-any.whl (62.3 MB)
Using cached gradio_client-1.7.2-py3-none-any.whl (322 kB)
Using cached aiofiles-23.2.1-py3-none-any.whl (15 kB)
Using cached fastapi-0.115.11-py3-none-any.whl (94 kB)
Using cached groovy-0.1.2-py3-none-any.whl (14 kB)
Using cached MarkupSafe-2.1.5-cp311-cp311-win_amd64.whl (17 kB)
Using cached python_multipart-0.0.20-py3-none-any.whl (24 kB)
Using cached ruff-0.9.10-py3-none-win_amd64.whl (11.4 MB)
Using cached safehttpx-0.1.6-py3-none-any.whl (8.7 kB)
Using cached semantic_version-2.10.0-py2.py3-none-any.whl (15 kB)
Using cached starlette-0.46.1-py3-none-any.whl (71 kB)
Using cached tomlkit-0.13.2-py3-none-any.whl (37 kB)
Using cached typer-0.15.2-py3-none-any.whl (45 kB)
Using cached uvicorn-0.34.0-py3-none-any.whl (62 kB)
Using cached ffmpy-0.5.0-py3-none-any.whl (6.0 kB)
Using cached pydub-0.25.1-py2.py3-none-any.whl (32 kB)
Using cached shellingham-1.5.4-py2.py3-none-any.whl (9.8 kB)
Using cached websockets-15.0.1-cp311-cp311-win_amd64.whl (176 kB)
Installing collected packages: pydub, websockets, tomlkit, shellingham, semantic-version, ruff, python-multipart, markupsafe, groovy, ffmpy, aiofiles, uvicorn, starlette, typer, safehttpx, gradio-client, fastapi, gradio
  Attempting uninstall: markupsafe
    Found existing installation: MarkupSafe 3.0.2
    Uninstalling MarkupSafe-3.0.2:
      Successfully uninstalled MarkupSafe-3.0.2
  WARNING: Failed to remove contents in a temporary directory 'C:\Users\Nath\Desktop\RAG_CLIMATE_1.0\rag_env\Lib\site-packages\~arkupsafe'.
  You can safely remove it manually.
Successfully installed aiofiles-23.2.1 fastapi-0.115.11 ffmpy-0.5.0 gradio-5.20.1 gradio-client-1.7.2 groovy-0.1.2 markupsafe-2.1.5 pydub-0.25.1 python-multipart-0.0.20 ruff-0.9.10 safehttpx-0.1.6 semantic-version-2.10.0 shellingham-1.5.4 starlette-0.46.1 tomlkit-0.13.2 typer-0.15.2 uvicorn-0.34.0 websockets-15.0.1

[notice] A new release of pip is available: 24.0 -> 25.0.1
[notice] To update, run: python.exe -m pip install --upgrade pip
(rag_env) 
Nath@DESKTOP-S9622G3 MINGW64 ~/Desktop/RAG_CLIMATE_1.0/rag_project_climate (np_branch)
$ git add .
warning: in the working copy of 'notebooks/1.0-np-RagClimate.ipynb', LF will be replaced by CRLF the next time Git touches it
(rag_env) 
Nath@DESKTOP-S9622G3 MINGW64 ~/Desktop/RAG_CLIMATE_1.0/rag_project_climate (np_branch)
$ git commit -m "add gradio app"
[np_branch 98e5a64] add gradio app
 1 file changed, 59 insertions(+)
(rag_env) 
Nath@DESKTOP-S9622G3 MINGW64 ~/Desktop/RAG_CLIMATE_1.0/rag_project_climate (np_branch)
$ git push
Enumerating objects: 11, done.
Counting objects: 100% (11/11), done.
Delta compression using up to 8 threads
Compressing objects: 100% (7/7), done.
Writing objects: 100% (7/7), 2.27 KiB | 2.27 MiB/s, done.
Total 7 (delta 3), reused 0 (delta 0), pack-reused 0 (from 0)
remote: Resolving deltas: 100% (3/3), completed with 2 local objects.
To github.com:Bennath-coder/rag_project_climate.git
   dcada6e..98e5a64  np_branch -> np_branch
(rag_env) 
Nath@DESKTOP-S9622G3 MINGW64 ~/Desktop/RAG_CLIMATE_1.0/rag_project_climate (np_branch)
$